[     126ms] [INFO] %cDownload the React DevTools for a better development experience: https://react.dev/link/react-devtools font-weight:bold @ http://localhost:3000/_next/static/chunks/c2d30_next_dist_ed40e8df._.js:2287
[     143ms] [LOG] [HMR] connected @ http://localhost:3000/_next/static/chunks/c2d30_next_dist_ed40e8df._.js:2287
[     351ms] [LOG] %c[Vercel Web Analytics]%c Debug mode is enabled by default in development. No requests will be sent to the server. color: rgb(120, 120, 120) color: inherit @ http://localhost:3000/_next/static/chunks/c2d30_next_dist_ed40e8df._.js:2287
[     351ms] [LOG] %c[Vercel Web Analytics]%c Running queued event color: rgb(120, 120, 120) color: inherit pageview {route: /, path: /} @ http://localhost:3000/_next/static/chunks/c2d30_next_dist_ed40e8df._.js:2287
[     351ms] [LOG] %c[Vercel Web Analytics]%c [view] http://localhost:3000/ color: rgb(120, 120, 120) color: inherit {o: http://localhost:3000/, sv: 0.1.3, sdkn: @vercel/analytics/next, sdkv: 1.3.1, ts: 1784145113720} /_vercel/insights/view @ http://localhost:3000/_next/static/chunks/c2d30_next_dist_ed40e8df._.js:2287
[    7956ms] [WARNING] THREE.Clock: This module has been deprecated. Please use THREE.Timer instead. @ http://localhost:3000/_next/static/chunks/c2d30_next_dist_ed40e8df._.js:2287
[    8479ms] [WARNING] THREE.Clock: This module has been deprecated. Please use THREE.Timer instead. @ http://localhost:3000/_next/static/chunks/c2d30_next_dist_ed40e8df._.js:2287
[   12574ms] [ERROR] Access to fetch at 'https://geocoding-api.open-meteo.com/v1/reverse?latitude=40.748497661800485&longitude=-73.94341321194919&count=1&language=en&format=json' from origin 'http://localhost:3000' has been blocked by CORS policy: No 'Access-Control-Allow-Origin' header is present on the requested resource. @ http://localhost:3000/:0
[   12574ms] [ERROR] Failed to load resource: net::ERR_FAILED @ https://geocoding-api.open-meteo.com/v1/reverse?latitude=40.748497661800485&longitude=-73.94341321194919&count=1&language=en&format=json:0
[   12754ms] [ERROR] Access to fetch at 'https://geocoding-api.open-meteo.com/v1/reverse?latitude=40.748497661800485&longitude=-73.94341321194919&count=1&language=en&format=json' from origin 'http://localhost:3000' has been blocked by CORS policy: No 'Access-Control-Allow-Origin' header is present on the requested resource. @ http://localhost:3000/:0
[   12754ms] [ERROR] Failed to load resource: net::ERR_FAILED @ https://geocoding-api.open-meteo.com/v1/reverse?latitude=40.748497661800485&longitude=-73.94341321194919&count=1&language=en&format=json:0
[   23638ms] [LOG] [Fast Refresh] rebuilding @ http://localhost:3000/_next/static/chunks/c2d30_next_dist_ed40e8df._.js:2287
[   23639ms] [LOG] [Fast Refresh] done in 113ms @ http://localhost:3000/_next/static/chunks/c2d30_next_dist_ed40e8df._.js:2287
[  271024ms] [LOG] [Fast Refresh] rebuilding @ http://localhost:3000/_next/static/chunks/c2d30_next_dist_ed40e8df._.js:2287
[  271091ms] [LOG] [Fast Refresh] done in 169ms @ http://localhost:3000/_next/static/chunks/c2d30_next_dist_ed40e8df._.js:2287
[  340012ms] [ERROR] Access to fetch at 'https://geocoding-api.open-meteo.com/v1/reverse?latitude=40.748497661800485&longitude=-73.94341321194919&count=1&language=en&format=json' from origin 'http://localhost:3000' has been blocked by CORS policy: No 'Access-Control-Allow-Origin' header is present on the requested resource. @ http://localhost:3000/:0
[  340012ms] [ERROR] Failed to load resource: net::ERR_FAILED @ https://geocoding-api.open-meteo.com/v1/reverse?latitude=40.748497661800485&longitude=-73.94341321194919&count=1&language=en&format=json:0
[  340154ms] [ERROR] Access to fetch at 'https://geocoding-api.open-meteo.com/v1/reverse?latitude=40.748497661800485&longitude=-73.94341321194919&count=1&language=en&format=json' from origin 'http://localhost:3000' has been blocked by CORS policy: No 'Access-Control-Allow-Origin' header is present on the requested resource. @ http://localhost:3000/:0
[  340154ms] [ERROR] Failed to load resource: net::ERR_FAILED @ https://geocoding-api.open-meteo.com/v1/reverse?latitude=40.748497661800485&longitude=-73.94341321194919&count=1&language=en&format=json:0
[  913890ms] [LOG] [Fast Refresh] rebuilding @ http://localhost:3000/_next/static/chunks/c2d30_next_dist_ed40e8df._.js:2287
[  913904ms] [LOG] [Fast Refresh] done in 61ms @ http://localhost:3000/_next/static/chunks/c2d30_next_dist_ed40e8df._.js:2287
[  923512ms] [LOG] [Fast Refresh] rebuilding @ http://localhost:3000/_next/static/chunks/c2d30_next_dist_ed40e8df._.js:2287
[  923573ms] [LOG] [Fast Refresh] done in 44ms @ http://localhost:3000/_next/static/chunks/c2d30_next_dist_ed40e8df._.js:2287
[  925957ms] [LOG] [Fast Refresh] rebuilding @ http://localhost:3000/_next/static/chunks/c2d30_next_dist_ed40e8df._.js:2287
[  925970ms] [LOG] [Fast Refresh] done in 56ms @ http://localhost:3000/_next/static/chunks/c2d30_next_dist_ed40e8df._.js:2287
[  928189ms] [LOG] [Fast Refresh] rebuilding @ http://localhost:3000/_next/static/chunks/c2d30_next_dist_ed40e8df._.js:2287
[  928255ms] [LOG] [Fast Refresh] done in 171ms @ http://localhost:3000/_next/static/chunks/c2d30_next_dist_ed40e8df._.js:2287
[  935718ms] [LOG] [Fast Refresh] rebuilding @ http://localhost:3000/_next/static/chunks/c2d30_next_dist_ed40e8df._.js:2287
[  935730ms] [LOG] [Fast Refresh] done in 62ms @ http://localhost:3000/_next/static/chunks/c2d30_next_dist_ed40e8df._.js:2287
[  937146ms] [LOG] [Fast Refresh] rebuilding @ http://localhost:3000/_next/static/chunks/c2d30_next_dist_ed40e8df._.js:2287
[  937158ms] [LOG] [Fast Refresh] done in 56ms @ http://localhost:3000/_next/static/chunks/c2d30_next_dist_ed40e8df._.js:2287
