[     127ms] [INFO] %cDownload the React DevTools for a better development experience: https://react.dev/link/react-devtools font-weight:bold @ http://localhost:3000/_next/static/chunks/c2d30_next_dist_ed40e8df._.js:2287
[     193ms] [LOG] [HMR] connected @ http://localhost:3000/_next/static/chunks/c2d30_next_dist_ed40e8df._.js:2287
[     322ms] [LOG] %c[Vercel Web Analytics]%c Debug mode is enabled by default in development. No requests will be sent to the server. color: rgb(120, 120, 120) color: inherit @ http://localhost:3000/_next/static/chunks/c2d30_next_dist_ed40e8df._.js:2287
[     323ms] [LOG] %c[Vercel Web Analytics]%c Running queued event color: rgb(120, 120, 120) color: inherit pageview {route: /, path: /} @ http://localhost:3000/_next/static/chunks/c2d30_next_dist_ed40e8df._.js:2287
[     323ms] [LOG] %c[Vercel Web Analytics]%c [view] http://localhost:3000/ color: rgb(120, 120, 120) color: inherit {o: http://localhost:3000/, sv: 0.1.3, sdkn: @vercel/analytics/next, sdkv: 1.3.1, ts: 1784144153088} /_vercel/insights/view @ http://localhost:3000/_next/static/chunks/c2d30_next_dist_ed40e8df._.js:2287
[    8996ms] [WARNING] THREE.Clock: This module has been deprecated. Please use THREE.Timer instead. @ http://localhost:3000/_next/static/chunks/c2d30_next_dist_ed40e8df._.js:2287
[    9453ms] [WARNING] THREE.Clock: This module has been deprecated. Please use THREE.Timer instead. @ http://localhost:3000/_next/static/chunks/c2d30_next_dist_ed40e8df._.js:2287
[   12931ms] [ERROR] Access to fetch at 'https://geocoding-api.open-meteo.com/v1/reverse?latitude=40.74845222145923&longitude=-73.94341774313305&count=1&language=en&format=json' from origin 'http://localhost:3000' has been blocked by CORS policy: No 'Access-Control-Allow-Origin' header is present on the requested resource. @ http://localhost:3000/:0
[   12932ms] [ERROR] Failed to load resource: net::ERR_FAILED @ https://geocoding-api.open-meteo.com/v1/reverse?latitude=40.74845222145923&longitude=-73.94341774313305&count=1&language=en&format=json:0
[   13074ms] [ERROR] Access to fetch at 'https://geocoding-api.open-meteo.com/v1/reverse?latitude=40.74845222145923&longitude=-73.94341774313305&count=1&language=en&format=json' from origin 'http://localhost:3000' has been blocked by CORS policy: No 'Access-Control-Allow-Origin' header is present on the requested resource. @ http://localhost:3000/:0
[   13074ms] [ERROR] Failed to load resource: net::ERR_FAILED @ https://geocoding-api.open-meteo.com/v1/reverse?latitude=40.74845222145923&longitude=-73.94341774313305&count=1&language=en&format=json:0
[   72307ms] [LOG] [Fast Refresh] rebuilding @ http://localhost:3000/_next/static/chunks/c2d30_next_dist_ed40e8df._.js:2287
[   72509ms] [LOG] [Fast Refresh] done in 321ms @ http://localhost:3000/_next/static/chunks/c2d30_next_dist_ed40e8df._.js:2287
[   80734ms] [LOG] [Fast Refresh] rebuilding @ http://localhost:3000/_next/static/chunks/c2d30_next_dist_ed40e8df._.js:2287
[   80752ms] [LOG] [Fast Refresh] done in 64ms @ http://localhost:3000/_next/static/chunks/c2d30_next_dist_ed40e8df._.js:2287
[  114437ms] [LOG] [Fast Refresh] rebuilding @ http://localhost:3000/_next/static/chunks/c2d30_next_dist_ed40e8df._.js:2287
[  114438ms] [LOG] [Fast Refresh] done in 105ms @ http://localhost:3000/_next/static/chunks/c2d30_next_dist_ed40e8df._.js:2287
[  160502ms] [LOG] [Fast Refresh] rebuilding @ http://localhost:3000/_next/static/chunks/c2d30_next_dist_ed40e8df._.js:2287
[  160502ms] [LOG] [Fast Refresh] done in 108ms @ http://localhost:3000/_next/static/chunks/c2d30_next_dist_ed40e8df._.js:2287
[  226571ms] [LOG] [Fast Refresh] rebuilding @ http://localhost:3000/_next/static/chunks/c2d30_next_dist_ed40e8df._.js:2287
[  226572ms] [LOG] [Fast Refresh] done in 108ms @ http://localhost:3000/_next/static/chunks/c2d30_next_dist_ed40e8df._.js:2287
[  322665ms] [LOG] [Fast Refresh] rebuilding @ http://localhost:3000/_next/static/chunks/c2d30_next_dist_ed40e8df._.js:2287
[  322666ms] [LOG] [Fast Refresh] done in 109ms @ http://localhost:3000/_next/static/chunks/c2d30_next_dist_ed40e8df._.js:2287
[  356732ms] [LOG] [Fast Refresh] rebuilding @ http://localhost:3000/_next/static/chunks/c2d30_next_dist_ed40e8df._.js:2287
[  356733ms] [LOG] [Fast Refresh] done in 109ms @ http://localhost:3000/_next/static/chunks/c2d30_next_dist_ed40e8df._.js:2287
[  480414ms] [LOG] [Fast Refresh] rebuilding @ http://localhost:3000/_next/static/chunks/c2d30_next_dist_ed40e8df._.js:2287
[  480414ms] [LOG] [Fast Refresh] done in 110ms @ http://localhost:3000/_next/static/chunks/c2d30_next_dist_ed40e8df._.js:2287
[  712648ms] [LOG] [Fast Refresh] rebuilding @ http://localhost:3000/_next/static/chunks/c2d30_next_dist_ed40e8df._.js:2287
[  712668ms] [LOG] [Fast Refresh] done in 60ms @ http://localhost:3000/_next/static/chunks/c2d30_next_dist_ed40e8df._.js:2287
[  722960ms] [LOG] [Fast Refresh] rebuilding @ http://localhost:3000/_next/static/chunks/c2d30_next_dist_ed40e8df._.js:2287
[  722977ms] [LOG] [Fast Refresh] done in 53ms @ http://localhost:3000/_next/static/chunks/c2d30_next_dist_ed40e8df._.js:2287
[  733432ms] [LOG] [Fast Refresh] rebuilding @ http://localhost:3000/_next/static/chunks/c2d30_next_dist_ed40e8df._.js:2287
[  733447ms] [LOG] [Fast Refresh] done in 82ms @ http://localhost:3000/_next/static/chunks/c2d30_next_dist_ed40e8df._.js:2287
[  744863ms] [LOG] [Fast Refresh] rebuilding @ http://localhost:3000/_next/static/chunks/c2d30_next_dist_ed40e8df._.js:2287
[  744878ms] [LOG] [Fast Refresh] done in 81ms @ http://localhost:3000/_next/static/chunks/c2d30_next_dist_ed40e8df._.js:2287
[  765030ms] [LOG] [Fast Refresh] rebuilding @ http://localhost:3000/_next/static/chunks/c2d30_next_dist_ed40e8df._.js:2287
[  765042ms] [LOG] [Fast Refresh] done in 101ms @ http://localhost:3000/_next/static/chunks/c2d30_next_dist_ed40e8df._.js:2287
[  773021ms] [LOG] [Fast Refresh] rebuilding @ http://localhost:3000/_next/static/chunks/c2d30_next_dist_ed40e8df._.js:2287
[  773034ms] [LOG] [Fast Refresh] done in 79ms @ http://localhost:3000/_next/static/chunks/c2d30_next_dist_ed40e8df._.js:2287
[  781807ms] [LOG] [Fast Refresh] rebuilding @ http://localhost:3000/_next/static/chunks/c2d30_next_dist_ed40e8df._.js:2287
[  781838ms] [LOG] [Fast Refresh] done in 48ms @ http://localhost:3000/_next/static/chunks/c2d30_next_dist_ed40e8df._.js:2287
[  783273ms] [LOG] [Fast Refresh] rebuilding @ http://localhost:3000/_next/static/chunks/c2d30_next_dist_ed40e8df._.js:2287
[  783285ms] [LOG] [Fast Refresh] done in 82ms @ http://localhost:3000/_next/static/chunks/c2d30_next_dist_ed40e8df._.js:2287
