[      95ms] [INFO] %cDownload the React DevTools for a better development experience: https://react.dev/link/react-devtools font-weight:bold @ http://localhost:3000/_next/static/chunks/c2d30_next_dist_ed40e8df._.js:2287
[     154ms] [LOG] [HMR] connected @ http://localhost:3000/_next/static/chunks/c2d30_next_dist_ed40e8df._.js:2287
[     190ms] [ERROR] Failed to load resource: the server responded with a status of 404 (Not Found) @ http://localhost:3000/favicon.ico:0
[     353ms] [LOG] %c[Vercel Web Analytics]%c Debug mode is enabled by default in development. No requests will be sent to the server. color: rgb(120, 120, 120) color: inherit @ http://localhost:3000/_next/static/chunks/c2d30_next_dist_ed40e8df._.js:2287
[     354ms] [LOG] %c[Vercel Web Analytics]%c Running queued event color: rgb(120, 120, 120) color: inherit pageview {route: /, path: /} @ http://localhost:3000/_next/static/chunks/c2d30_next_dist_ed40e8df._.js:2287
[     354ms] [LOG] %c[Vercel Web Analytics]%c [view] http://localhost:3000/ color: rgb(120, 120, 120) color: inherit {o: http://localhost:3000/, sv: 0.1.3, sdkn: @vercel/analytics/next, sdkv: 1.3.1, ts: 1783557787333} /_vercel/insights/view @ http://localhost:3000/_next/static/chunks/c2d30_next_dist_ed40e8df._.js:2287
[    7563ms] [WARNING] THREE.Clock: This module has been deprecated. Please use THREE.Timer instead. @ http://localhost:3000/_next/static/chunks/c2d30_next_dist_ed40e8df._.js:2287
[    7802ms] [WARNING] THREE.Clock: This module has been deprecated. Please use THREE.Timer instead. @ http://localhost:3000/_next/static/chunks/c2d30_next_dist_ed40e8df._.js:2287
[   12923ms] [ERROR] Access to fetch at 'https://geocoding-api.open-meteo.com/v1/reverse?latitude=40.74872166704051&longitude=-73.94359281306726&count=1&language=en&format=json' from origin 'http://localhost:3000' has been blocked by CORS policy: No 'Access-Control-Allow-Origin' header is present on the requested resource. @ http://localhost:3000/:0
[   12924ms] [ERROR] Failed to load resource: net::ERR_FAILED @ https://geocoding-api.open-meteo.com/v1/reverse?latitude=40.74872166704051&longitude=-73.94359281306726&count=1&language=en&format=json:0
[   13021ms] [ERROR] Access to fetch at 'https://geocoding-api.open-meteo.com/v1/reverse?latitude=40.74872166704051&longitude=-73.94359281306726&count=1&language=en&format=json' from origin 'http://localhost:3000' has been blocked by CORS policy: No 'Access-Control-Allow-Origin' header is present on the requested resource. @ http://localhost:3000/:0
[   13021ms] [ERROR] Failed to load resource: net::ERR_FAILED @ https://geocoding-api.open-meteo.com/v1/reverse?latitude=40.74872166704051&longitude=-73.94359281306726&count=1&language=en&format=json:0
[   95249ms] [LOG] [Fast Refresh] rebuilding @ http://localhost:3000/_next/static/chunks/c2d30_next_dist_ed40e8df._.js:2287
[   95305ms] [LOG] [Fast Refresh] done in 39ms @ http://localhost:3000/_next/static/chunks/c2d30_next_dist_ed40e8df._.js:2287
[  164394ms] [LOG] [Fast Refresh] rebuilding @ http://localhost:3000/_next/static/chunks/c2d30_next_dist_ed40e8df._.js:2287
[  164991ms] [LOG] [Fast Refresh] done in 667ms @ http://localhost:3000/_next/static/chunks/c2d30_next_dist_ed40e8df._.js:2287
[  166092ms] [LOG] [Fast Refresh] rebuilding @ http://localhost:3000/_next/static/chunks/c2d30_next_dist_ed40e8df._.js:2287
[  166111ms] [LOG] [Fast Refresh] done in 46ms @ http://localhost:3000/_next/static/chunks/c2d30_next_dist_ed40e8df._.js:2287
[  205694ms] [LOG] [Fast Refresh] rebuilding @ http://localhost:3000/_next/static/chunks/c2d30_next_dist_ed40e8df._.js:2287
[  205704ms] [LOG] [Fast Refresh] done in 32ms @ http://localhost:3000/_next/static/chunks/c2d30_next_dist_ed40e8df._.js:2287
[  207978ms] [LOG] [Fast Refresh] rebuilding @ http://localhost:3000/_next/static/chunks/c2d30_next_dist_ed40e8df._.js:2287
[  208031ms] [LOG] [Fast Refresh] done in 38ms @ http://localhost:3000/_next/static/chunks/c2d30_next_dist_ed40e8df._.js:2287
