[     100ms] [INFO] %cDownload the React DevTools for a better development experience: https://react.dev/link/react-devtools font-weight:bold @ http://localhost:3000/_next/static/chunks/node_modules_next_dist_7a8122d0._.js:2287
[     165ms] [LOG] [HMR] connected @ http://localhost:3000/_next/static/chunks/node_modules_next_dist_7a8122d0._.js:2287
[     352ms] [LOG] %c[Vercel Web Analytics]%c Debug mode is enabled by default in development. No requests will be sent to the server. color: rgb(120, 120, 120) color: inherit @ http://localhost:3000/_next/static/chunks/node_modules_next_dist_7a8122d0._.js:2287
[     352ms] [LOG] %c[Vercel Web Analytics]%c Running queued event color: rgb(120, 120, 120) color: inherit pageview {route: /, path: /} @ http://localhost:3000/_next/static/chunks/node_modules_next_dist_7a8122d0._.js:2287
[     353ms] [LOG] %c[Vercel Web Analytics]%c [view] http://localhost:3000/ color: rgb(120, 120, 120) color: inherit {o: http://localhost:3000/, sv: 0.1.3, sdkn: @vercel/analytics/next, sdkv: 1.3.1, ts: 1784850006105} /_vercel/insights/view @ http://localhost:3000/_next/static/chunks/node_modules_next_dist_7a8122d0._.js:2287
[    8195ms] [WARNING] THREE.Clock: This module has been deprecated. Please use THREE.Timer instead. @ http://localhost:3000/_next/static/chunks/node_modules_next_dist_7a8122d0._.js:2287
[    8815ms] [WARNING] THREE.Clock: This module has been deprecated. Please use THREE.Timer instead. @ http://localhost:3000/_next/static/chunks/node_modules_next_dist_7a8122d0._.js:2287
[   12945ms] [ERROR] Access to fetch at 'https://geocoding-api.open-meteo.com/v1/reverse?latitude=40.74846671631996&longitude=-73.9434182903691&count=1&language=en&format=json' from origin 'http://localhost:3000' has been blocked by CORS policy: No 'Access-Control-Allow-Origin' header is present on the requested resource. @ http://localhost:3000/:0
[   12946ms] [ERROR] Failed to load resource: net::ERR_FAILED @ https://geocoding-api.open-meteo.com/v1/reverse?latitude=40.74846671631996&longitude=-73.9434182903691&count=1&language=en&format=json:0
[   13039ms] [ERROR] Access to fetch at 'https://geocoding-api.open-meteo.com/v1/reverse?latitude=40.74846671631996&longitude=-73.9434182903691&count=1&language=en&format=json' from origin 'http://localhost:3000' has been blocked by CORS policy: No 'Access-Control-Allow-Origin' header is present on the requested resource. @ http://localhost:3000/:0
[   13039ms] [ERROR] Failed to load resource: net::ERR_FAILED @ https://geocoding-api.open-meteo.com/v1/reverse?latitude=40.74846671631996&longitude=-73.9434182903691&count=1&language=en&format=json:0
[   76042ms] [ERROR] Access to fetch at 'https://geocoding-api.open-meteo.com/v1/reverse?latitude=40.74846671631996&longitude=-73.9434182903691&count=1&language=en&format=json' from origin 'http://localhost:3000' has been blocked by CORS policy: No 'Access-Control-Allow-Origin' header is present on the requested resource. @ http://localhost:3000/:0
[   76042ms] [ERROR] Failed to load resource: net::ERR_FAILED @ https://geocoding-api.open-meteo.com/v1/reverse?latitude=40.74846671631996&longitude=-73.9434182903691&count=1&language=en&format=json:0
[   76213ms] [ERROR] Access to fetch at 'https://geocoding-api.open-meteo.com/v1/reverse?latitude=40.74846671631996&longitude=-73.9434182903691&count=1&language=en&format=json' from origin 'http://localhost:3000' has been blocked by CORS policy: No 'Access-Control-Allow-Origin' header is present on the requested resource. @ http://localhost:3000/:0
[   76213ms] [ERROR] Failed to load resource: net::ERR_FAILED @ https://geocoding-api.open-meteo.com/v1/reverse?latitude=40.74846671631996&longitude=-73.9434182903691&count=1&language=en&format=json:0
[  105536ms] [LOG] [Fast Refresh] rebuilding @ http://localhost:3000/_next/static/chunks/node_modules_next_dist_7a8122d0._.js:2287
[  105551ms] [LOG] [Fast Refresh] done in 88ms @ http://localhost:3000/_next/static/chunks/node_modules_next_dist_7a8122d0._.js:2287
[  115300ms] [INFO] %cDownload the React DevTools for a better development experience: https://react.dev/link/react-devtools font-weight:bold @ http://localhost:3000/_next/static/chunks/node_modules_next_dist_7a8122d0._.js:2287
[  115313ms] [LOG] [HMR] connected @ http://localhost:3000/_next/static/chunks/node_modules_next_dist_7a8122d0._.js:2287
[  115509ms] [LOG] %c[Vercel Web Analytics]%c Debug mode is enabled by default in development. No requests will be sent to the server. color: rgb(120, 120, 120) color: inherit @ http://localhost:3000/_next/static/chunks/node_modules_next_dist_7a8122d0._.js:2287
[  115509ms] [LOG] %c[Vercel Web Analytics]%c Running queued event color: rgb(120, 120, 120) color: inherit pageview {route: /, path: /} @ http://localhost:3000/_next/static/chunks/node_modules_next_dist_7a8122d0._.js:2287
[  115510ms] [LOG] %c[Vercel Web Analytics]%c [view] http://localhost:3000/ color: rgb(120, 120, 120) color: inherit {o: http://localhost:3000/, sv: 0.1.3, sdkn: @vercel/analytics/next, sdkv: 1.3.1, ts: 1784850121262} /_vercel/insights/view @ http://localhost:3000/_next/static/chunks/node_modules_next_dist_7a8122d0._.js:2287
[  134061ms] [WARNING] THREE.Clock: This module has been deprecated. Please use THREE.Timer instead. @ http://localhost:3000/_next/static/chunks/node_modules_next_dist_7a8122d0._.js:2287
[  134500ms] [WARNING] THREE.Clock: This module has been deprecated. Please use THREE.Timer instead. @ http://localhost:3000/_next/static/chunks/node_modules_next_dist_7a8122d0._.js:2287
[  138572ms] [ERROR] Access to fetch at 'https://geocoding-api.open-meteo.com/v1/reverse?latitude=40.748500067656686&longitude=-73.94341435093976&count=1&language=en&format=json' from origin 'http://localhost:3000' has been blocked by CORS policy: No 'Access-Control-Allow-Origin' header is present on the requested resource. @ http://localhost:3000/:0
[  138572ms] [ERROR] Failed to load resource: net::ERR_FAILED @ https://geocoding-api.open-meteo.com/v1/reverse?latitude=40.748500067656686&longitude=-73.94341435093976&count=1&language=en&format=json:0
[  138710ms] [ERROR] Access to fetch at 'https://geocoding-api.open-meteo.com/v1/reverse?latitude=40.748500067656686&longitude=-73.94341435093976&count=1&language=en&format=json' from origin 'http://localhost:3000' has been blocked by CORS policy: No 'Access-Control-Allow-Origin' header is present on the requested resource. @ http://localhost:3000/:0
[  138710ms] [ERROR] Failed to load resource: net::ERR_FAILED @ https://geocoding-api.open-meteo.com/v1/reverse?latitude=40.748500067656686&longitude=-73.94341435093976&count=1&language=en&format=json:0
[  172170ms] [LOG] [Fast Refresh] rebuilding @ http://localhost:3000/_next/static/chunks/node_modules_next_dist_7a8122d0._.js:2287
[  172182ms] [LOG] [Fast Refresh] done in 68ms @ http://localhost:3000/_next/static/chunks/node_modules_next_dist_7a8122d0._.js:2287
[  173985ms] [LOG] [Fast Refresh] rebuilding @ http://localhost:3000/_next/static/chunks/node_modules_next_dist_7a8122d0._.js:2287
[  173996ms] [LOG] [Fast Refresh] done in 68ms @ http://localhost:3000/_next/static/chunks/node_modules_next_dist_7a8122d0._.js:2287
[  190526ms] [INFO] %cDownload the React DevTools for a better development experience: https://react.dev/link/react-devtools font-weight:bold @ http://localhost:3000/_next/static/chunks/node_modules_next_dist_7a8122d0._.js:2287
[  190541ms] [LOG] [HMR] connected @ http://localhost:3000/_next/static/chunks/node_modules_next_dist_7a8122d0._.js:2287
[  190729ms] [LOG] %c[Vercel Web Analytics]%c Debug mode is enabled by default in development. No requests will be sent to the server. color: rgb(120, 120, 120) color: inherit @ http://localhost:3000/_next/static/chunks/node_modules_next_dist_7a8122d0._.js:2287
[  190729ms] [LOG] %c[Vercel Web Analytics]%c Running queued event color: rgb(120, 120, 120) color: inherit pageview {route: /, path: /} @ http://localhost:3000/_next/static/chunks/node_modules_next_dist_7a8122d0._.js:2287
[  190729ms] [LOG] %c[Vercel Web Analytics]%c [view] http://localhost:3000/ color: rgb(120, 120, 120) color: inherit {o: http://localhost:3000/, sv: 0.1.3, sdkn: @vercel/analytics/next, sdkv: 1.3.1, ts: 1784850196482} /_vercel/insights/view @ http://localhost:3000/_next/static/chunks/node_modules_next_dist_7a8122d0._.js:2287
[  195895ms] [WARNING] THREE.Clock: This module has been deprecated. Please use THREE.Timer instead. @ http://localhost:3000/_next/static/chunks/node_modules_next_dist_7a8122d0._.js:2287
[  196350ms] [WARNING] THREE.Clock: This module has been deprecated. Please use THREE.Timer instead. @ http://localhost:3000/_next/static/chunks/node_modules_next_dist_7a8122d0._.js:2287
[  200416ms] [ERROR] Access to fetch at 'https://geocoding-api.open-meteo.com/v1/reverse?latitude=40.748500067656686&longitude=-73.94341435093976&count=1&language=en&format=json' from origin 'http://localhost:3000' has been blocked by CORS policy: No 'Access-Control-Allow-Origin' header is present on the requested resource. @ http://localhost:3000/:0
[  200416ms] [ERROR] Failed to load resource: net::ERR_FAILED @ https://geocoding-api.open-meteo.com/v1/reverse?latitude=40.748500067656686&longitude=-73.94341435093976&count=1&language=en&format=json:0
[  200558ms] [ERROR] Access to fetch at 'https://geocoding-api.open-meteo.com/v1/reverse?latitude=40.748500067656686&longitude=-73.94341435093976&count=1&language=en&format=json' from origin 'http://localhost:3000' has been blocked by CORS policy: No 'Access-Control-Allow-Origin' header is present on the requested resource. @ http://localhost:3000/:0
[  200558ms] [ERROR] Failed to load resource: net::ERR_FAILED @ https://geocoding-api.open-meteo.com/v1/reverse?latitude=40.748500067656686&longitude=-73.94341435093976&count=1&language=en&format=json:0
[  204717ms] [ERROR] Access to fetch at 'https://geocoding-api.open-meteo.com/v1/reverse?latitude=40.748500067656686&longitude=-73.94341435093976&count=1&language=en&format=json' from origin 'http://localhost:3000' has been blocked by CORS policy: No 'Access-Control-Allow-Origin' header is present on the requested resource. @ http://localhost:3000/:0
[  204717ms] [ERROR] Failed to load resource: net::ERR_FAILED @ https://geocoding-api.open-meteo.com/v1/reverse?latitude=40.748500067656686&longitude=-73.94341435093976&count=1&language=en&format=json:0
[  204853ms] [ERROR] Access to fetch at 'https://geocoding-api.open-meteo.com/v1/reverse?latitude=40.748500067656686&longitude=-73.94341435093976&count=1&language=en&format=json' from origin 'http://localhost:3000' has been blocked by CORS policy: No 'Access-Control-Allow-Origin' header is present on the requested resource. @ http://localhost:3000/:0
[  204853ms] [ERROR] Failed to load resource: net::ERR_FAILED @ https://geocoding-api.open-meteo.com/v1/reverse?latitude=40.748500067656686&longitude=-73.94341435093976&count=1&language=en&format=json:0
[  284152ms] [INFO] %cDownload the React DevTools for a better development experience: https://react.dev/link/react-devtools font-weight:bold @ http://localhost:3000/_next/static/chunks/node_modules_next_dist_7a8122d0._.js:2287
[  284168ms] [LOG] [HMR] connected @ http://localhost:3000/_next/static/chunks/node_modules_next_dist_7a8122d0._.js:2287
[  284345ms] [LOG] %c[Vercel Web Analytics]%c Debug mode is enabled by default in development. No requests will be sent to the server. color: rgb(120, 120, 120) color: inherit @ http://localhost:3000/_next/static/chunks/node_modules_next_dist_7a8122d0._.js:2287
[  284345ms] [LOG] %c[Vercel Web Analytics]%c Running queued event color: rgb(120, 120, 120) color: inherit pageview {route: /, path: /} @ http://localhost:3000/_next/static/chunks/node_modules_next_dist_7a8122d0._.js:2287
[  284345ms] [LOG] %c[Vercel Web Analytics]%c [view] http://localhost:3000/ color: rgb(120, 120, 120) color: inherit {o: http://localhost:3000/, sv: 0.1.3, sdkn: @vercel/analytics/next, sdkv: 1.3.1, ts: 1784850290098} /_vercel/insights/view @ http://localhost:3000/_next/static/chunks/node_modules_next_dist_7a8122d0._.js:2287
[  289490ms] [WARNING] THREE.Clock: This module has been deprecated. Please use THREE.Timer instead. @ http://localhost:3000/_next/static/chunks/node_modules_next_dist_7a8122d0._.js:2287
[  289950ms] [WARNING] THREE.Clock: This module has been deprecated. Please use THREE.Timer instead. @ http://localhost:3000/_next/static/chunks/node_modules_next_dist_7a8122d0._.js:2287
[  294396ms] [ERROR] Access to fetch at 'https://geocoding-api.open-meteo.com/v1/reverse?latitude=40.748500067656686&longitude=-73.94341435093976&count=1&language=en&format=json' from origin 'http://localhost:3000' has been blocked by CORS policy: No 'Access-Control-Allow-Origin' header is present on the requested resource. @ http://localhost:3000/:0
[  294396ms] [ERROR] Failed to load resource: net::ERR_FAILED @ https://geocoding-api.open-meteo.com/v1/reverse?latitude=40.748500067656686&longitude=-73.94341435093976&count=1&language=en&format=json:0
[  294530ms] [ERROR] Access to fetch at 'https://geocoding-api.open-meteo.com/v1/reverse?latitude=40.748500067656686&longitude=-73.94341435093976&count=1&language=en&format=json' from origin 'http://localhost:3000' has been blocked by CORS policy: No 'Access-Control-Allow-Origin' header is present on the requested resource. @ http://localhost:3000/:0
[  294530ms] [ERROR] Failed to load resource: net::ERR_FAILED @ https://geocoding-api.open-meteo.com/v1/reverse?latitude=40.748500067656686&longitude=-73.94341435093976&count=1&language=en&format=json:0
[  325588ms] [ERROR] Access to fetch at 'https://geocoding-api.open-meteo.com/v1/reverse?latitude=40.748500067656686&longitude=-73.94341435093976&count=1&language=en&format=json' from origin 'http://localhost:3000' has been blocked by CORS policy: No 'Access-Control-Allow-Origin' header is present on the requested resource. @ http://localhost:3000/:0
[  325588ms] [ERROR] Failed to load resource: net::ERR_FAILED @ https://geocoding-api.open-meteo.com/v1/reverse?latitude=40.748500067656686&longitude=-73.94341435093976&count=1&language=en&format=json:0
[  325694ms] [ERROR] Access to fetch at 'https://geocoding-api.open-meteo.com/v1/reverse?latitude=40.748500067656686&longitude=-73.94341435093976&count=1&language=en&format=json' from origin 'http://localhost:3000' has been blocked by CORS policy: No 'Access-Control-Allow-Origin' header is present on the requested resource. @ http://localhost:3000/:0
[  325694ms] [ERROR] Failed to load resource: net::ERR_FAILED @ https://geocoding-api.open-meteo.com/v1/reverse?latitude=40.748500067656686&longitude=-73.94341435093976&count=1&language=en&format=json:0
[  377854ms] [ERROR] Access to fetch at 'https://geocoding-api.open-meteo.com/v1/reverse?latitude=40.748500067656686&longitude=-73.94341435093976&count=1&language=en&format=json' from origin 'http://localhost:3000' has been blocked by CORS policy: No 'Access-Control-Allow-Origin' header is present on the requested resource. @ http://localhost:3000/:0
[  377854ms] [ERROR] Failed to load resource: net::ERR_FAILED @ https://geocoding-api.open-meteo.com/v1/reverse?latitude=40.748500067656686&longitude=-73.94341435093976&count=1&language=en&format=json:0
[  377998ms] [ERROR] Access to fetch at 'https://geocoding-api.open-meteo.com/v1/reverse?latitude=40.748500067656686&longitude=-73.94341435093976&count=1&language=en&format=json' from origin 'http://localhost:3000' has been blocked by CORS policy: No 'Access-Control-Allow-Origin' header is present on the requested resource. @ http://localhost:3000/:0
[  377998ms] [ERROR] Failed to load resource: net::ERR_FAILED @ https://geocoding-api.open-meteo.com/v1/reverse?latitude=40.748500067656686&longitude=-73.94341435093976&count=1&language=en&format=json:0
