[      85ms] [INFO] %cDownload the React DevTools for a better development experience: https://react.dev/link/react-devtools font-weight:bold @ http://localhost:3000/_next/static/chunks/c2d30_next_dist_ed40e8df._.js:2287
[     111ms] [LOG] [HMR] connected @ http://localhost:3000/_next/static/chunks/c2d30_next_dist_ed40e8df._.js:2287
[     323ms] [LOG] %c[Vercel Web Analytics]%c Debug mode is enabled by default in development. No requests will be sent to the server. color: rgb(120, 120, 120) color: inherit @ http://localhost:3000/_next/static/chunks/c2d30_next_dist_ed40e8df._.js:2287
[     323ms] [LOG] %c[Vercel Web Analytics]%c Running queued event color: rgb(120, 120, 120) color: inherit pageview {route: /, path: /} @ http://localhost:3000/_next/static/chunks/c2d30_next_dist_ed40e8df._.js:2287
[     323ms] [LOG] %c[Vercel Web Analytics]%c [view] http://localhost:3000/ color: rgb(120, 120, 120) color: inherit {o: http://localhost:3000/, sv: 0.1.3, sdkn: @vercel/analytics/next, sdkv: 1.3.1, ts: 1783119578321} /_vercel/insights/view @ http://localhost:3000/_next/static/chunks/c2d30_next_dist_ed40e8df._.js:2287
[   11266ms] [WARNING] THREE.Clock: This module has been deprecated. Please use THREE.Timer instead. @ http://localhost:3000/_next/static/chunks/c2d30_next_dist_ed40e8df._.js:2287
[   11424ms] [WARNING] THREE.Clock: This module has been deprecated. Please use THREE.Timer instead. @ http://localhost:3000/_next/static/chunks/c2d30_next_dist_ed40e8df._.js:2287
[   15216ms] [ERROR] Access to fetch at 'https://geocoding-api.open-meteo.com/v1/reverse?latitude=40.7486732147541&longitude=-73.94147588442623&count=1&language=en&format=json' from origin 'http://localhost:3000' has been blocked by CORS policy: No 'Access-Control-Allow-Origin' header is present on the requested resource. @ http://localhost:3000/:0
[   15217ms] [ERROR] Failed to load resource: net::ERR_FAILED @ https://geocoding-api.open-meteo.com/v1/reverse?latitude=40.7486732147541&longitude=-73.94147588442623&count=1&language=en&format=json:0
[   15317ms] [ERROR] Access to fetch at 'https://geocoding-api.open-meteo.com/v1/reverse?latitude=40.7486732147541&longitude=-73.94147588442623&count=1&language=en&format=json' from origin 'http://localhost:3000' has been blocked by CORS policy: No 'Access-Control-Allow-Origin' header is present on the requested resource. @ http://localhost:3000/:0
[   15317ms] [ERROR] Failed to load resource: net::ERR_FAILED @ https://geocoding-api.open-meteo.com/v1/reverse?latitude=40.7486732147541&longitude=-73.94147588442623&count=1&language=en&format=json:0
[   82309ms] [LOG] [Fast Refresh] rebuilding @ http://localhost:3000/_next/static/chunks/c2d30_next_dist_ed40e8df._.js:2287
[   82369ms] [LOG] [Fast Refresh] done in 32ms @ http://localhost:3000/_next/static/chunks/c2d30_next_dist_ed40e8df._.js:2287
[   86732ms] [LOG] [Fast Refresh] rebuilding @ http://localhost:3000/_next/static/chunks/c2d30_next_dist_ed40e8df._.js:2287
[   86794ms] [LOG] [Fast Refresh] done in 32ms @ http://localhost:3000/_next/static/chunks/c2d30_next_dist_ed40e8df._.js:2287
[   95661ms] [LOG] [Fast Refresh] rebuilding @ http://localhost:3000/_next/static/chunks/c2d30_next_dist_ed40e8df._.js:2287
[   95688ms] [LOG] [Fast Refresh] done in 57ms @ http://localhost:3000/_next/static/chunks/c2d30_next_dist_ed40e8df._.js:2287
[   97522ms] [LOG] [Fast Refresh] rebuilding @ http://localhost:3000/_next/static/chunks/c2d30_next_dist_ed40e8df._.js:2287
[   97541ms] [LOG] [Fast Refresh] done in 60ms @ http://localhost:3000/_next/static/chunks/c2d30_next_dist_ed40e8df._.js:2287
[  106551ms] [LOG] [Fast Refresh] rebuilding @ http://localhost:3000/_next/static/chunks/c2d30_next_dist_ed40e8df._.js:2287
[  106597ms] [LOG] [Fast Refresh] done in 28ms @ http://localhost:3000/_next/static/chunks/c2d30_next_dist_ed40e8df._.js:2287
[  108850ms] [LOG] [Fast Refresh] rebuilding @ http://localhost:3000/_next/static/chunks/c2d30_next_dist_ed40e8df._.js:2287
[  108912ms] [LOG] [Fast Refresh] done in 49ms @ http://localhost:3000/_next/static/chunks/c2d30_next_dist_ed40e8df._.js:2287
